rect http://ploticus.sourceforge.net/cgi-bin/showcgiargs?strain=BUB/BnJ	534,40	544,290
rect http://ploticus.sourceforge.net/cgi-bin/showcgiargs?strain=129S3/SvImJ	524,40	534,290
rect http://ploticus.sourceforge.net/cgi-bin/showcgiargs?strain=PL/J	514,40	524,290
rect http://ploticus.sourceforge.net/cgi-bin/showcgiargs?strain=B6.V-Lep<ob>	504,40	514,290
rect http://ploticus.sourceforge.net/cgi-bin/showcgiargs?strain=CBA/J	494,40	504,290
rect http://ploticus.sourceforge.net/cgi-bin/showcgiargs?strain=SJL/J	483,40	494,290
rect http://ploticus.sourceforge.net/cgi-bin/showcgiargs?strain=KK/H1J	474,40	483,290
rect http://ploticus.sourceforge.net/cgi-bin/showcgiargs?strain=DBA/1J	464,40	474,290
rect http://ploticus.sourceforge.net/cgi-bin/showcgiargs?strain=BPN/3@J	454,40	464,290
rect http://ploticus.sourceforge.net/cgi-bin/showcgiargs?strain=RBF/DnJ	444,40	454,290
rect http://ploticus.sourceforge.net/cgi-bin/showcgiargs?strain=BTBR+Ttf/tf	433,40	444,290
rect http://ploticus.sourceforge.net/cgi-bin/showcgiargs?strain=C57BLKS/J	424,40	433,290
rect http://ploticus.sourceforge.net/cgi-bin/showcgiargs?strain=B6.Cg-A<y>	414,40	424,290
rect http://ploticus.sourceforge.net/cgi-bin/showcgiargs?strain=DBA/2J	404,40	414,290
rect http://ploticus.sourceforge.net/cgi-bin/showcgiargs?strain=FVB/NJ	394,40	404,290
rect http://ploticus.sourceforge.net/cgi-bin/showcgiargs?strain=NON/LtJ	383,40	394,290
rect http://ploticus.sourceforge.net/cgi-bin/showcgiargs?strain=A/J	374,40	383,290
rect http://ploticus.sourceforge.net/cgi-bin/showcgiargs?strain=NZW/LacJ	364,40	374,290
rect http://ploticus.sourceforge.net/cgi-bin/showcgiargs?strain=SPRET/Ei	354,40	364,290
rect http://ploticus.sourceforge.net/cgi-bin/showcgiargs?strain=CZECHII/Ei	344,40	354,290
rect http://ploticus.sourceforge.net/cgi-bin/showcgiargs?strain=BPL/1@J	334,40	344,290
rect http://ploticus.sourceforge.net/cgi-bin/showcgiargs?strain=MOLF/Ei	324,40	334,290
rect http://ploticus.sourceforge.net/cgi-bin/showcgiargs?strain=C57BL/6J-tub/+	314,40	324,290
rect http://ploticus.sourceforge.net/cgi-bin/showcgiargs?strain=C57BR/cdJ	304,40	314,290
rect http://ploticus.sourceforge.net/cgi-bin/showcgiargs?strain=LP/J	294,40	304,290
rect http://ploticus.sourceforge.net/cgi-bin/showcgiargs?strain=I/LnJ	284,40	294,290
rect http://ploticus.sourceforge.net/cgi-bin/showcgiargs?strain=BALB/cJ	274,40	284,290
rect http://ploticus.sourceforge.net/cgi-bin/showcgiargs?strain=BPH/2@J	264,40	274,290
rect http://ploticus.sourceforge.net/cgi-bin/showcgiargs?strain=PERA/Ei	254,40	264,290
rect http://ploticus.sourceforge.net/cgi-bin/showcgiargs?strain=AKR/J	243,40	254,290
rect http://ploticus.sourceforge.net/cgi-bin/showcgiargs?strain=BKS.Cg-m+/+Lepr<db>	233,40	243,290
rect http://ploticus.sourceforge.net/cgi-bin/showcgiargs?strain=NZB/BlNJ	224,40	233,290
rect http://ploticus.sourceforge.net/cgi-bin/showcgiargs?strain=NOD/LtJ	214,40	224,290
rect http://ploticus.sourceforge.net/cgi-bin/showcgiargs?strain=P/J	204,40	214,290
rect http://ploticus.sourceforge.net/cgi-bin/showcgiargs?strain=C57BL/6J	193,40	204,290
rect http://ploticus.sourceforge.net/cgi-bin/showcgiargs?strain=SEA/GnJ	183,40	193,290
rect http://ploticus.sourceforge.net/cgi-bin/showcgiargs?strain=YBR/Ei	174,40	183,290
rect http://ploticus.sourceforge.net/cgi-bin/showcgiargs?strain=CAST/Ei	164,40	174,290
rect http://ploticus.sourceforge.net/cgi-bin/showcgiargs?strain=RF/J	154,40	164,290
rect http://ploticus.sourceforge.net/cgi-bin/showcgiargs?strain=SM/J	143,40	154,290
rect http://ploticus.sourceforge.net/cgi-bin/showcgiargs?strain=RIIIS/J	134,40	143,290
rect http://ploticus.sourceforge.net/cgi-bin/showcgiargs?strain=C57L/J	123,40	134,290
rect http://ploticus.sourceforge.net/cgi-bin/showcgiargs?strain=C3H/HeJ	114,40	123,290
rect http://ploticus.sourceforge.net/cgi-bin/showcgiargs?strain=WSB/Ei	104,40	114,290
rect http://ploticus.sourceforge.net/cgi-bin/showcgiargs?strain=CE/J	93,40	104,290
rect http://ploticus.sourceforge.net/cgi-bin/showcgiargs?strain=SWR/J	83,40	93,290
rect http://ploticus.sourceforge.net/cgi-bin/showcgiargs?strain=BKS.HRS-Cpe<fat>/J	73,40	83,290
rect http://ploticus.sourceforge.net/cgi-bin/showcgiargs?strain=C57BL/10J	64,40	73,290
rect http://ploticus.sourceforge.net/cgi-bin/showcgiargs?strain=C58/J	54,40	64,290
